EN p7_completa NULL C:/Users/afmhu/P7/P7_COMPLETA.vhd sub00/vhpl04 1579691675
EN antirrebotes NULL C:/Users/afmhu/P7/antirrebotess.vhd sub00/vhpl02 1579692308
EN p7 NULL C:/Users/afmhu/P7/P7.vhd sub00/vhpl00 1579691673
AR p7 a_p7 C:/Users/afmhu/P7/P7.vhd sub00/vhpl01 1579691674
AR antirrebotes a_antirrebotes C:/Users/afmhu/P7/antirrebotess.vhd sub00/vhpl03 1579692309
AR p7_completa behavioral C:/Users/afmhu/P7/P7_COMPLETA.vhd sub00/vhpl05 1579691676
